// Jest Snapshot v1, https://goo.gl/fbAQLP

exports[`should render ExpenseListItem correct 1`] = `
<div>
  <Link
    replace={false}
    to="/edit/1"
  >
    <h3>
      Rent
    </h3>
  </Link>
  <p>
    234
     - 
    Jan 1st 70
  </p>
</div>
`;
